// Jest Snapshot v1, https://goo.gl/fbAQLP

exports[`Test Provider snapshot 1`] = `null`;
