// Jest Snapshot v1, https://goo.gl/fbAQLP

exports[`Test useDispatch snapshot 1`] = `
<button
  onClick={[Function]}
>
  0
</button>
`;
